#
# There is insufficient memory for the Java Runtime Environment to continue.
# Native memory allocation (mmap) failed to map 65536 bytes for Failed to commit metaspace.
# Possible reasons:
#   The system is out of physical RAM or swap space
#   The process is running with CompressedOops enabled, and the Java Heap may be blocking the growth of the native heap
# Possible solutions:
#   Reduce memory load on the system
#   Increase physical memory or swap space
#   Check if swap backing store is full
#   Decrease Java heap size (-Xmx/-Xms)
#   Decrease number of Java threads
#   Decrease Java thread stack sizes (-Xss)
#   Set larger code cache with -XX:ReservedCodeCacheSize=
#   JVM is running with Zero Based Compressed Oops mode in which the Java heap is
#     placed in the first 32GB address space. The Java Heap base address is the
#     maximum limit for the native heap growth. Please use -XX:HeapBaseMinAddress
#     to set the Java Heap base and to place the Java Heap above 32GB virtual address.
# This output file may be truncated or incomplete.
#
#  Out of Memory Error (virtualSpaceNode.cpp:110), pid=54292, tid=48948
#
# JRE version: Java(TM) SE Runtime Environment (17.0.12+8) (build 17.0.12+8-LTS-286)
# Java VM: Java HotSpot(TM) 64-Bit Server VM (17.0.12+8-LTS-286, mixed mode, sharing, tiered, compressed oops, compressed class ptrs, g1 gc, windows-amd64)
# No core dump will be written. Minidumps are not enabled by default on client versions of Windows
#

---------------  S U M M A R Y ------------

Command Line: -javaagent:C:\Program Files\JetBrains\IntelliJ IDEA Community Edition 2024.3\lib\idea_rt.jar=63042:C:\Program Files\JetBrains\IntelliJ IDEA Community Edition 2024.3\bin -Dfile.encoding=UTF-8 com.ekart.inventory.InventoryApplication

Host: 11th Gen Intel(R) Core(TM) i5-1135G7 @ 2.40GHz, 8 cores, 15G,  Windows 11 , 64 bit Build 22621 (10.0.22621.5415)
Time: Mon May 11 18:25:26 2026 India Standard Time elapsed time: 17.524387 seconds (0d 0h 0m 17s)

---------------  T H R E A D  ---------------

Current thread (0x0000025cd5491980):  JavaThread "main" [_thread_in_vm, id=48948, stack(0x00000061e6300000,0x00000061e6400000)]

Stack: [0x00000061e6300000,0x00000061e6400000]
Native frames: (J=compiled Java code, j=interpreted, Vv=VM code, C=native code)
V  [jvm.dll+0x67a04a]
V  [jvm.dll+0x7da4ed]
V  [jvm.dll+0x7dbe33]
V  [jvm.dll+0x7dc4a3]
V  [jvm.dll+0x24508f]
V  [jvm.dll+0x7d60bb]
V  [jvm.dll+0x6206c6]
V  [jvm.dll+0x62072a]
V  [jvm.dll+0x622f4d]
V  [jvm.dll+0x621086]
V  [jvm.dll+0x1e6553]
V  [jvm.dll+0x1e92d0]
V  [jvm.dll+0x1dea41]
V  [jvm.dll+0x53f78c]
V  [jvm.dll+0x1ef3ca]
V  [jvm.dll+0x7547ad]
V  [jvm.dll+0x755bc6]
V  [jvm.dll+0x755ef8]
V  [jvm.dll+0x23d13b]
V  [jvm.dll+0x37d676]
C  0x0000025ce427b968

Java frames: (J=compiled Java code, j=interpreted, Vv=VM code)
j  sun.security.ssl.SSLContextImpl$AbstractTLSContext.<clinit>()V+2 java.base@17.0.12
v  ~StubRoutines::call_stub
J 1324  java.lang.Class.forName0(Ljava/lang/String;ZLjava/lang/ClassLoader;Ljava/lang/Class;)Ljava/lang/Class; java.base@17.0.12 (0 bytes) @ 0x0000025ce48a4c2f [0x0000025ce48a4ba0+0x000000000000008f]
J 2468 c1 java.lang.Class.forName(Ljava/lang/String;)Ljava/lang/Class; java.base@17.0.12 (15 bytes) @ 0x0000025cdd1f9ce4 [0x0000025cdd1f9bc0+0x0000000000000124]
j  java.security.Provider$Service.getImplClass()Ljava/lang/Class;+64 java.base@17.0.12
j  java.security.Provider$Service.getDefaultConstructor()Ljava/lang/reflect/Constructor;+46 java.base@17.0.12
j  java.security.Provider$Service.newInstanceOf()Ljava/lang/Object;+1 java.base@17.0.12
j  java.security.Provider$Service.newInstanceUtil(Ljava/lang/Class;Ljava/lang/Object;)Ljava/lang/Object;+5 java.base@17.0.12
j  java.security.Provider$Service.newInstance(Ljava/lang/Object;)Ljava/lang/Object;+227 java.base@17.0.12
j  sun.security.jca.GetInstance.getInstance(Ljava/security/Provider$Service;Ljava/lang/Class;)Lsun/security/jca/GetInstance$Instance;+2 java.base@17.0.12
j  sun.security.jca.GetInstance.getInstance(Ljava/lang/String;Ljava/lang/Class;Ljava/lang/String;)Lsun/security/jca/GetInstance$Instance;+56 java.base@17.0.12
j  javax.net.ssl.SSLContext.getInstance(Ljava/lang/String;)Ljavax/net/ssl/SSLContext;+12 java.base@17.0.12
j  com.mysql.cj.protocol.ExportControlled$SslContextBuilder.build()Ljavax/net/ssl/SSLContext;+1183
j  com.mysql.cj.protocol.ExportControlled.performTlsHandshake(Ljava/net/Socket;Lcom/mysql/cj/protocol/SocketConnection;Lcom/mysql/cj/ServerVersion;Lcom/mysql/cj/log/Log;)Ljava/net/Socket;+311
j  com.mysql.cj.protocol.StandardSocketFactory.performTlsHandshake(Lcom/mysql/cj/protocol/SocketConnection;Lcom/mysql/cj/protocol/ServerSession;Lcom/mysql/cj/log/Log;)Ljava/io/Closeable;+21
j  com.mysql.cj.protocol.a.NativeSocketConnection.performTlsHandshake(Lcom/mysql/cj/protocol/ServerSession;Lcom/mysql/cj/log/Log;)V+8
j  com.mysql.cj.protocol.a.NativeProtocol.negotiateSSLConnection()V+116
j  com.mysql.cj.protocol.a.NativeAuthenticationProvider.connect(Ljava/lang/String;Ljava/lang/String;Ljava/lang/String;)V+765
j  com.mysql.cj.protocol.a.NativeProtocol.connect(Ljava/lang/String;Ljava/lang/String;Ljava/lang/String;)V+11
j  com.mysql.cj.NativeSession.connect(Lcom/mysql/cj/conf/HostInfo;Ljava/lang/String;Ljava/lang/String;Ljava/lang/String;ILcom/mysql/cj/TransactionEventHandler;)V+110
j  com.mysql.cj.jdbc.ConnectionImpl.connectOneTryOnly(Z)V+32
j  com.mysql.cj.jdbc.ConnectionImpl.createNewIO(Z)V+31
j  com.mysql.cj.jdbc.ConnectionImpl.<init>(Lcom/mysql/cj/conf/HostInfo;)V+989
j  com.mysql.cj.jdbc.ConnectionImpl.getInstance(Lcom/mysql/cj/conf/HostInfo;)Lcom/mysql/cj/jdbc/JdbcConnection;+5
j  com.mysql.cj.jdbc.NonRegisteringDriver.connect(Ljava/lang/String;Ljava/util/Properties;)Ljava/sql/Connection;+72
j  com.zaxxer.hikari.util.DriverDataSource.getConnection(Ljava/lang/String;Ljava/lang/String;)Ljava/sql/Connection;+61
j  com.zaxxer.hikari.pool.PoolBase.newConnection(Z)Ljava/sql/Connection;+74
j  com.zaxxer.hikari.pool.PoolBase.newPoolEntry(Z)Lcom/zaxxer/hikari/pool/PoolEntry;+6
j  com.zaxxer.hikari.pool.HikariPool.createPoolEntry()Lcom/zaxxer/hikari/pool/PoolEntry;+13
j  com.zaxxer.hikari.pool.HikariPool.checkFailFast()V+20
j  com.zaxxer.hikari.pool.HikariPool.<init>(Lcom/zaxxer/hikari/HikariConfig;)V+163
j  com.zaxxer.hikari.HikariDataSource.getConnection()Ljava/sql/Connection;+82
j  org.hibernate.engine.jdbc.connections.internal.DataSourceConnectionProvider.getConnection()Ljava/sql/Connection;+48
j  org.hibernate.engine.jdbc.env.internal.JdbcEnvironmentInitiator$ConnectionProviderJdbcConnectionAccess.obtainConnection()Ljava/sql/Connection;+4
j  org.hibernate.resource.transaction.backend.jdbc.internal.JdbcIsolationDelegate.delegateWork(Lorg/hibernate/jdbc/WorkExecutorVisitable;Z)Ljava/lang/Object;+4
j  org.hibernate.engine.jdbc.env.internal.JdbcEnvironmentInitiator.getJdbcEnvironmentUsingJdbcMetadata(Lorg/hibernate/engine/jdbc/env/JdbcMetadataOnBoot;Ljava/util/Map;Lorg/hibernate/service/spi/ServiceRegistryImplementor;Lorg/hibernate/engine/jdbc/dialect/spi/DialectFactory;Ljava/lang/String;Ljava/lang/Integer;Ljava/lang/Integer;Ljava/lang/String;)Lorg/hibernate/engine/jdbc/env/internal/JdbcEnvironmentImpl;+115
j  org.hibernate.engine.jdbc.env.internal.JdbcEnvironmentInitiator.getJdbcEnvironment(Ljava/util/Map;Lorg/hibernate/service/spi/ServiceRegistryImplementor;Ljava/lang/String;Ljava/lang/Integer;Ljava/lang/Integer;Ljava/lang/String;)Lorg/hibernate/engine/jdbc/env/spi/JdbcEnvironment;+41
j  org.hibernate.engine.jdbc.env.internal.JdbcEnvironmentInitiator.initiateService(Ljava/util/Map;Lorg/hibernate/service/spi/ServiceRegistryImplementor;)Lorg/hibernate/engine/jdbc/env/spi/JdbcEnvironment;+101
j  org.hibernate.engine.jdbc.env.internal.JdbcEnvironmentInitiator.initiateService(Ljava/util/Map;Lorg/hibernate/service/spi/ServiceRegistryImplementor;)Lorg/hibernate/service/Service;+3
j  org.hibernate.boot.registry.internal.StandardServiceRegistryImpl.initiateService(Lorg/hibernate/service/spi/ServiceInitiator;)Lorg/hibernate/service/Service;+9
j  org.hibernate.service.internal.AbstractServiceRegistryImpl.createService(Lorg/hibernate/service/spi/ServiceBinding;)Lorg/hibernate/service/Service;+26
j  org.hibernate.service.internal.AbstractServiceRegistryImpl.initializeService(Lorg/hibernate/service/spi/ServiceBinding;)Lorg/hibernate/service/Service;+28
j  org.hibernate.service.internal.AbstractServiceRegistryImpl.getService(Ljava/lang/Class;)Lorg/hibernate/service/Service;+112
j  org.hibernate.boot.model.relational.Database.<init>(Lorg/hibernate/boot/spi/MetadataBuildingOptions;)V+10
j  org.hibernate.boot.internal.InFlightMetadataCollectorImpl.getDatabase()Lorg/hibernate/boot/model/relational/Database;+16
j  org.hibernate.boot.internal.InFlightMetadataCollectorImpl.<init>(Lorg/hibernate/boot/spi/BootstrapContext;Lorg/hibernate/boot/spi/MetadataBuildingOptions;)V+365
j  org.hibernate.boot.model.process.spi.MetadataBuildingProcess.complete(Lorg/hibernate/boot/model/process/spi/ManagedResources;Lorg/hibernate/boot/spi/BootstrapContext;Lorg/hibernate/boot/spi/MetadataBuildingOptions;)Lorg/hibernate/boot/spi/MetadataImplementor;+6
j  org.hibernate.jpa.boot.internal.EntityManagerFactoryBuilderImpl.metadata()Lorg/hibernate/boot/spi/MetadataImplementor;+30
j  org.hibernate.jpa.boot.internal.EntityManagerFactoryBuilderImpl.populateSessionFactoryBuilder()Lorg/hibernate/boot/SessionFactoryBuilder;+1
j  org.hibernate.jpa.boot.internal.EntityManagerFactoryBuilderImpl.build()Ljakarta/persistence/EntityManagerFactory;+3
j  org.springframework.orm.jpa.vendor.SpringHibernateJpaPersistenceProvider.createContainerEntityManagerFactory(Ljakarta/persistence/spi/PersistenceUnitInfo;Ljava/util/Map;)Ljakarta/persistence/EntityManagerFactory;+59
j  org.springframework.orm.jpa.LocalContainerEntityManagerFactoryBean.createNativeEntityManagerFactory()Ljakarta/persistence/EntityManagerFactory;+111
j  org.springframework.orm.jpa.AbstractEntityManagerFactoryBean.buildNativeEntityManagerFactory()Ljakarta/persistence/EntityManagerFactory;+1
j  org.springframework.orm.jpa.AbstractEntityManagerFactoryBean.afterPropertiesSet()V+192
j  org.springframework.orm.jpa.LocalContainerEntityManagerFactoryBean.afterPropertiesSet()V+238
j  org.springframework.beans.factory.support.AbstractAutowireCapableBeanFactory.invokeInitMethods(Ljava/lang/String;Ljava/lang/Object;Lorg/springframework/beans/factory/support/RootBeanDefinition;)V+56
j  org.springframework.beans.factory.support.AbstractAutowireCapableBeanFactory.initializeBean(Ljava/lang/String;Ljava/lang/Object;Lorg/springframework/beans/factory/support/RootBeanDefinition;)Ljava/lang/Object;+46
j  org.springframework.beans.factory.support.AbstractAutowireCapableBeanFactory.doCreateBean(Ljava/lang/String;Lorg/springframework/beans/factory/support/RootBeanDefinition;[Ljava/lang/Object;)Ljava/lang/Object;+228
j  org.springframework.beans.factory.support.AbstractAutowireCapableBeanFactory.createBean(Ljava/lang/String;Lorg/springframework/beans/factory/support/RootBeanDefinition;[Ljava/lang/Object;)Ljava/lang/Object;+153
j  org.springframework.beans.factory.support.AbstractBeanFactory.lambda$doGetBean$0(Ljava/lang/String;Lorg/springframework/beans/factory/support/RootBeanDefinition;[Ljava/lang/Object;)Ljava/lang/Object;+4
j  org.springframework.beans.factory.support.AbstractBeanFactory$$Lambda$425+0x0000025c8125bf88.getObject()Ljava/lang/Object;+16
j  org.springframework.beans.factory.support.DefaultSingletonBeanRegistry.getSingleton(Ljava/lang/String;Lorg/springframework/beans/factory/ObjectFactory;)Ljava/lang/Object;+897
J 2946 c1 org.springframework.beans.factory.support.AbstractBeanFactory.doGetBean(Ljava/lang/String;Ljava/lang/Class;[Ljava/lang/Object;Z)Ljava/lang/Object; (791 bytes) @ 0x0000025cdd2f0a2c [0x0000025cdd2f0420+0x000000000000060c]
J 2973 c1 org.springframework.beans.factory.support.AbstractBeanFactory.getBean(Ljava/lang/String;Ljava/lang/Class;)Ljava/lang/Object; (9 bytes) @ 0x0000025cdd306a04 [0x0000025cdd3069a0+0x0000000000000064]
j  org.springframework.context.support.AbstractApplicationContext.finishBeanFactoryInitialization(Lorg/springframework/beans/factory/config/ConfigurableListableBeanFactory;)V+226
j  org.springframework.context.support.AbstractApplicationContext.refresh()V+94
j  org.springframework.boot.web.server.servlet.context.ServletWebServerApplicationContext.refresh()V+1
j  org.springframework.boot.SpringApplication.refresh(Lorg/springframework/context/ConfigurableApplicationContext;)V+1
j  org.springframework.boot.SpringApplication.refreshContext(Lorg/springframework/context/ConfigurableApplicationContext;)V+19
j  org.springframework.boot.SpringApplication.run([Ljava/lang/String;)Lorg/springframework/context/ConfigurableApplicationContext;+113
j  org.springframework.boot.SpringApplication.run([Ljava/lang/Class;[Ljava/lang/String;)Lorg/springframework/context/ConfigurableApplicationContext;+9
j  org.springframework.boot.SpringApplication.run(Ljava/lang/Class;[Ljava/lang/String;)Lorg/springframework/context/ConfigurableApplicationContext;+9
j  com.ekart.inventory.InventoryApplication.main([Ljava/lang/String;)V+3
v  ~StubRoutines::call_stub

---------------  P R O C E S S  ---------------

Threads class SMR info:
_java_thread_list=0x0000025cfd9e61e0, length=17, elements={
0x0000025cd5491980, 0x0000025cf80f4bf0, 0x0000025cf80f57b0, 0x0000025cf8217ae0,
0x0000025cf82186a0, 0x0000025cf821b270, 0x0000025cf821be30, 0x0000025cf821fa50,
0x0000025cf8220410, 0x0000025cf822bbc0, 0x0000025cf8413320, 0x0000025cf87a58f0,
0x0000025cf87a5dd0, 0x0000025cfea97aa0, 0x0000025cc181f1f0, 0x0000025cc181f6d0,
0x0000025cf8d2fbe0
}

Java Threads: ( => current thread )
=>0x0000025cd5491980 JavaThread "main" [_thread_in_vm, id=48948, stack(0x00000061e6300000,0x00000061e6400000)]
  0x0000025cf80f4bf0 JavaThread "Reference Handler" daemon [_thread_blocked, id=48336, stack(0x00000061e6a00000,0x00000061e6b00000)]
  0x0000025cf80f57b0 JavaThread "Finalizer" daemon [_thread_blocked, id=16416, stack(0x00000061e6b00000,0x00000061e6c00000)]
  0x0000025cf8217ae0 JavaThread "Signal Dispatcher" daemon [_thread_blocked, id=55860, stack(0x00000061e6c00000,0x00000061e6d00000)]
  0x0000025cf82186a0 JavaThread "Attach Listener" daemon [_thread_blocked, id=22236, stack(0x00000061e6d00000,0x00000061e6e00000)]
  0x0000025cf821b270 JavaThread "Service Thread" daemon [_thread_blocked, id=32968, stack(0x00000061e6e00000,0x00000061e6f00000)]
  0x0000025cf821be30 JavaThread "Monitor Deflation Thread" daemon [_thread_blocked, id=39176, stack(0x00000061e6f00000,0x00000061e7000000)]
  0x0000025cf821fa50 JavaThread "C2 CompilerThread0" daemon [_thread_blocked, id=20712, stack(0x00000061e7000000,0x00000061e7100000)]
  0x0000025cf8220410 JavaThread "C1 CompilerThread0" daemon [_thread_blocked, id=55784, stack(0x00000061e7100000,0x00000061e7200000)]
  0x0000025cf822bbc0 JavaThread "Sweeper thread" daemon [_thread_blocked, id=51844, stack(0x00000061e7200000,0x00000061e7300000)]
  0x0000025cf8413320 JavaThread "Common-Cleaner" daemon [_thread_blocked, id=42452, stack(0x00000061e7300000,0x00000061e7400000)]
  0x0000025cf87a58f0 JavaThread "Monitor Ctrl-Break" daemon [_thread_in_native, id=54156, stack(0x00000061e7500000,0x00000061e7600000)]
  0x0000025cf87a5dd0 JavaThread "Notification Thread" daemon [_thread_blocked, id=55884, stack(0x00000061e7600000,0x00000061e7700000)]
  0x0000025cfea97aa0 JavaThread "Catalina-utility-1" [_thread_blocked, id=55092, stack(0x00000061e7400000,0x00000061e7500000)]
  0x0000025cc181f1f0 JavaThread "Catalina-utility-2" [_thread_blocked, id=43492, stack(0x00000061e7e00000,0x00000061e7f00000)]
  0x0000025cc181f6d0 JavaThread "container-0" [_thread_blocked, id=47548, stack(0x00000061e8100000,0x00000061e8200000)]
  0x0000025cf8d2fbe0 JavaThread "mysql-cj-abandoned-connection-cleanup" daemon [_thread_blocked, id=53348, stack(0x00000061e8200000,0x00000061e8300000)]

Other Threads:
  0x0000025cf80eed40 VMThread "VM Thread" [stack: 0x00000061e6900000,0x00000061e6a00000] [id=39236] _threads_hazard_ptr=0x0000025cfd9e61e0
  0x0000025cf860d420 WatcherThread [stack: 0x00000061e7700000,0x00000061e7800000] [id=55436]
  0x0000025cd54fd920 GCTaskThread "GC Thread#0" [stack: 0x00000061e6400000,0x00000061e6500000] [id=55440]
  0x0000025cfdd97820 GCTaskThread "GC Thread#1" [stack: 0x00000061e7800000,0x00000061e7900000] [id=55344]
  0x0000025cfd24ac70 GCTaskThread "GC Thread#2" [stack: 0x00000061e7900000,0x00000061e7a00000] [id=53232]
  0x0000025cfd96a900 GCTaskThread "GC Thread#3" [stack: 0x00000061e7a00000,0x00000061e7b00000] [id=55172]
  0x0000025cfd0c6970 GCTaskThread "GC Thread#4" [stack: 0x00000061e7b00000,0x00000061e7c00000] [id=54396]
  0x0000025cf8c75180 GCTaskThread "GC Thread#5" [stack: 0x00000061e7c00000,0x00000061e7d00000] [id=36500]
  0x0000025cfd9679b0 GCTaskThread "GC Thread#6" [stack: 0x00000061e7d00000,0x00000061e7e00000] [id=33036]
  0x0000025cfdb49120 GCTaskThread "GC Thread#7" [stack: 0x00000061e7f00000,0x00000061e8000000] [id=36696]
  0x0000025cd550f8d0 ConcurrentGCThread "G1 Main Marker" [stack: 0x00000061e6500000,0x00000061e6600000] [id=41452]
  0x0000025cd55112f0 ConcurrentGCThread "G1 Conc#0" [stack: 0x00000061e6600000,0x00000061e6700000] [id=52176]
  0x0000025cfdd2dd70 ConcurrentGCThread "G1 Conc#1" [stack: 0x00000061e8000000,0x00000061e8100000] [id=49500]
  0x0000025cf7fac6f0 ConcurrentGCThread "G1 Refine#0" [stack: 0x00000061e6700000,0x00000061e6800000] [id=1328]
  0x0000025cf7fae130 ConcurrentGCThread "G1 Service" [stack: 0x00000061e6800000,0x00000061e6900000] [id=53280]

Threads with active compile tasks:
C2 CompilerThread0    19934 5467 %     4       java.util.Properties::load0 @ 29 (249 bytes)

VM state: synchronizing (normal execution)

VM Mutex/Monitor currently owned by a thread:  ([mutex/lock_event])
[0x0000025cd548c360] Metaspace_lock - owner thread: 0x0000025cd5491980
[0x0000025cd548e7b0] Threads_lock - owner thread: 0x0000025cf80eed40

Heap address: 0x0000000703a00000, size: 4038 MB, Compressed Oops mode: Zero based, Oop shift amount: 3

CDS archive(s) mapped at: [0x0000025c80000000-0x0000025c80bd0000-0x0000025c80bd0000), size 12386304, SharedBaseAddress: 0x0000025c80000000, ArchiveRelocationMode: 1.
Compressed class space mapped at: 0x0000025c81000000-0x0000025cc1000000, reserved size: 1073741824
Narrow klass base: 0x0000025c80000000, Narrow klass shift: 0, Narrow klass range: 0x100000000

GC Precious Log:
 CPUs: 8 total, 8 available
 Memory: 16149M
 Large Page Support: Disabled
 NUMA Support: Disabled
 Compressed Oops: Enabled (Zero based)
 Heap Region Size: 2M
 Heap Min Capacity: 8M
 Heap Initial Capacity: 254M
 Heap Max Capacity: 4038M
 Pre-touch: Disabled
 Parallel Workers: 8
 Concurrent Workers: 2
 Concurrent Refinement Workers: 8
 Periodic GC: Disabled

Heap:
 garbage-first heap   total 178176K, used 89614K [0x0000000703a00000, 0x0000000800000000)
  region size 2048K, 30 young (61440K), 2 survivors (4096K)
 Metaspace       used 54816K, committed 55232K, reserved 1114112K
  class space    used 7404K, committed 7616K, reserved 1048576K

Heap Regions: E=young(eden), S=young(survivor), O=old, HS=humongous(starts), HC=humongous(continues), CS=collection set, F=free, OA=open archive, CA=closed archive, TAMS=top-at-mark-start (previous, next)
|   0|0x0000000703a00000, 0x0000000703c00000, 0x0000000703c00000|100%| O|  |TAMS 0x0000000703c00000, 0x0000000703a00000| Untracked 
|   1|0x0000000703c00000, 0x0000000703e00000, 0x0000000703e00000|100%| O|  |TAMS 0x0000000703e00000, 0x0000000703c00000| Untracked 
|   2|0x0000000703e00000, 0x0000000704000000, 0x0000000704000000|100%| O|  |TAMS 0x0000000704000000, 0x0000000703e00000| Untracked 
|   3|0x0000000704000000, 0x0000000704200000, 0x0000000704200000|100%| O|  |TAMS 0x0000000704200000, 0x0000000704000000| Untracked 
|   4|0x0000000704200000, 0x0000000704400000, 0x0000000704400000|100%| O|  |TAMS 0x0000000704400000, 0x0000000704200000| Untracked 
|   5|0x0000000704400000, 0x0000000704600000, 0x0000000704600000|100%| O|  |TAMS 0x0000000704600000, 0x0000000704400000| Untracked 
|   6|0x0000000704600000, 0x0000000704800000, 0x0000000704800000|100%| O|  |TAMS 0x0000000704800000, 0x0000000704600000| Untracked 
|   7|0x0000000704800000, 0x0000000704a00000, 0x0000000704a00000|100%| O|  |TAMS 0x0000000704a00000, 0x0000000704800000| Untracked 
|   8|0x0000000704a00000, 0x0000000704c00000, 0x0000000704c00000|100%| O|  |TAMS 0x0000000704c00000, 0x0000000704a00000| Untracked 
|   9|0x0000000704c00000, 0x0000000704e00000, 0x0000000704e00000|100%| O|  |TAMS 0x0000000704e00000, 0x0000000704c00000| Untracked 
|  10|0x0000000704e00000, 0x0000000704e00000, 0x0000000705000000|  0%| F|  |TAMS 0x0000000704e00000, 0x0000000704e00000| Untracked 
|  11|0x0000000705000000, 0x0000000705200000, 0x0000000705200000|100%| O|  |TAMS 0x0000000705200000, 0x0000000705000000| Untracked 
|  12|0x0000000705200000, 0x0000000705400000, 0x0000000705400000|100%| O|  |TAMS 0x0000000705400000, 0x0000000705200000| Untracked 
|  13|0x0000000705400000, 0x0000000705600000, 0x0000000705600000|100%| O|  |TAMS 0x0000000705513800, 0x0000000705400000| Untracked 
|  14|0x0000000705600000, 0x0000000705800000, 0x0000000705800000|100%| O|  |TAMS 0x0000000705600000, 0x0000000705600000| Untracked 
|  15|0x0000000705800000, 0x0000000705a00000, 0x0000000705a00000|100%| O|  |TAMS 0x0000000705800000, 0x0000000705800000| Untracked 
|  16|0x0000000705a00000, 0x0000000705b32600, 0x0000000705c00000| 59%| O|  |TAMS 0x0000000705a00000, 0x0000000705a00000| Untracked 
|  17|0x0000000705c00000, 0x0000000705c00000, 0x0000000705e00000|  0%| F|  |TAMS 0x0000000705c00000, 0x0000000705c00000| Untracked 
|  18|0x0000000705e00000, 0x0000000705e00000, 0x0000000706000000|  0%| F|  |TAMS 0x0000000705e00000, 0x0000000705e00000| Untracked 
|  19|0x0000000706000000, 0x0000000706000000, 0x0000000706200000|  0%| F|  |TAMS 0x0000000706000000, 0x0000000706000000| Untracked 
|  20|0x0000000706200000, 0x0000000706200000, 0x0000000706400000|  0%| F|  |TAMS 0x0000000706200000, 0x0000000706200000| Untracked 
|  21|0x0000000706400000, 0x0000000706400000, 0x0000000706600000|  0%| F|  |TAMS 0x0000000706400000, 0x0000000706400000| Untracked 
|  22|0x0000000706600000, 0x0000000706600000, 0x0000000706800000|  0%| F|  |TAMS 0x0000000706600000, 0x0000000706600000| Untracked 
|  23|0x0000000706800000, 0x0000000706800000, 0x0000000706a00000|  0%| F|  |TAMS 0x0000000706800000, 0x0000000706800000| Untracked 
|  24|0x0000000706a00000, 0x0000000706a00000, 0x0000000706c00000|  0%| F|  |TAMS 0x0000000706a00000, 0x0000000706a00000| Untracked 
|  25|0x0000000706c00000, 0x0000000706c00000, 0x0000000706e00000|  0%| F|  |TAMS 0x0000000706c00000, 0x0000000706c00000| Untracked 
|  26|0x0000000706e00000, 0x0000000706e514e0, 0x0000000707000000| 15%| S|CS|TAMS 0x0000000706e00000, 0x0000000706e00000| Complete 
|  27|0x0000000707000000, 0x0000000707200000, 0x0000000707200000|100%| S|CS|TAMS 0x0000000707000000, 0x0000000707000000| Complete 
|  28|0x0000000707200000, 0x0000000707200000, 0x0000000707400000|  0%| F|  |TAMS 0x0000000707200000, 0x0000000707200000| Untracked 
|  29|0x0000000707400000, 0x0000000707400000, 0x0000000707600000|  0%| F|  |TAMS 0x0000000707400000, 0x0000000707400000| Untracked 
|  30|0x0000000707600000, 0x0000000707600000, 0x0000000707800000|  0%| F|  |TAMS 0x0000000707600000, 0x0000000707600000| Untracked 
|  31|0x0000000707800000, 0x0000000707800000, 0x0000000707a00000|  0%| F|  |TAMS 0x0000000707800000, 0x0000000707800000| Untracked 
|  32|0x0000000707a00000, 0x0000000707a00000, 0x0000000707c00000|  0%| F|  |TAMS 0x0000000707a00000, 0x0000000707a00000| Untracked 
|  33|0x0000000707c00000, 0x0000000707c00000, 0x0000000707e00000|  0%| F|  |TAMS 0x0000000707c00000, 0x0000000707c00000| Untracked 
|  34|0x0000000707e00000, 0x0000000707e00000, 0x0000000708000000|  0%| F|  |TAMS 0x0000000707e00000, 0x0000000707e00000| Untracked 
|  35|0x0000000708000000, 0x0000000708000000, 0x0000000708200000|  0%| F|  |TAMS 0x0000000708000000, 0x0000000708000000| Untracked 
|  36|0x0000000708200000, 0x0000000708200000, 0x0000000708400000|  0%| F|  |TAMS 0x0000000708200000, 0x0000000708200000| Untracked 
|  37|0x0000000708400000, 0x0000000708400000, 0x0000000708600000|  0%| F|  |TAMS 0x0000000708400000, 0x0000000708400000| Untracked 
|  38|0x0000000708600000, 0x0000000708600000, 0x0000000708800000|  0%| F|  |TAMS 0x0000000708600000, 0x0000000708600000| Untracked 
|  39|0x0000000708800000, 0x0000000708800000, 0x0000000708a00000|  0%| F|  |TAMS 0x0000000708800000, 0x0000000708800000| Untracked 
|  40|0x0000000708a00000, 0x0000000708a00000, 0x0000000708c00000|  0%| F|  |TAMS 0x0000000708a00000, 0x0000000708a00000| Untracked 
|  41|0x0000000708c00000, 0x0000000708c00000, 0x0000000708e00000|  0%| F|  |TAMS 0x0000000708c00000, 0x0000000708c00000| Untracked 
|  42|0x0000000708e00000, 0x0000000708e00000, 0x0000000709000000|  0%| F|  |TAMS 0x0000000708e00000, 0x0000000708e00000| Untracked 
|  43|0x0000000709000000, 0x0000000709000000, 0x0000000709200000|  0%| F|  |TAMS 0x0000000709000000, 0x0000000709000000| Untracked 
|  44|0x0000000709200000, 0x0000000709200000, 0x0000000709400000|  0%| F|  |TAMS 0x0000000709200000, 0x0000000709200000| Untracked 
|  45|0x0000000709400000, 0x0000000709400000, 0x0000000709600000|  0%| F|  |TAMS 0x0000000709400000, 0x0000000709400000| Untracked 
|  46|0x0000000709600000, 0x0000000709600000, 0x0000000709800000|  0%| F|  |TAMS 0x0000000709600000, 0x0000000709600000| Untracked 
|  47|0x0000000709800000, 0x0000000709800000, 0x0000000709a00000|  0%| F|  |TAMS 0x0000000709800000, 0x0000000709800000| Untracked 
|  48|0x0000000709a00000, 0x0000000709a00000, 0x0000000709c00000|  0%| F|  |TAMS 0x0000000709a00000, 0x0000000709a00000| Untracked 
|  49|0x0000000709c00000, 0x0000000709c00000, 0x0000000709e00000|  0%| F|  |TAMS 0x0000000709c00000, 0x0000000709c00000| Untracked 
|  50|0x0000000709e00000, 0x0000000709e00000, 0x000000070a000000|  0%| F|  |TAMS 0x0000000709e00000, 0x0000000709e00000| Untracked 
|  51|0x000000070a000000, 0x000000070a000000, 0x000000070a200000|  0%| F|  |TAMS 0x000000070a000000, 0x000000070a000000| Untracked 
|  52|0x000000070a200000, 0x000000070a200000, 0x000000070a400000|  0%| F|  |TAMS 0x000000070a200000, 0x000000070a200000| Untracked 
|  53|0x000000070a400000, 0x000000070a400000, 0x000000070a600000|  0%| F|  |TAMS 0x000000070a400000, 0x000000070a400000| Untracked 
|  54|0x000000070a600000, 0x000000070a600000, 0x000000070a800000|  0%| F|  |TAMS 0x000000070a600000, 0x000000070a600000| Untracked 
|  55|0x000000070a800000, 0x000000070a800000, 0x000000070aa00000|  0%| F|  |TAMS 0x000000070a800000, 0x000000070a800000| Untracked 
|  56|0x000000070aa00000, 0x000000070aa00000, 0x000000070ac00000|  0%| F|  |TAMS 0x000000070aa00000, 0x000000070aa00000| Untracked 
|  57|0x000000070ac00000, 0x000000070ac00000, 0x000000070ae00000|  0%| F|  |TAMS 0x000000070ac00000, 0x000000070ac00000| Untracked 
|  58|0x000000070ae00000, 0x000000070ae00000, 0x000000070b000000|  0%| F|  |TAMS 0x000000070ae00000, 0x000000070ae00000| Untracked 
|  59|0x000000070b000000, 0x000000070b103ed8, 0x000000070b200000| 50%| E|  |TAMS 0x000000070b000000, 0x000000070b000000| Complete 
|  60|0x000000070b200000, 0x000000070b400000, 0x000000070b400000|100%| E|CS|TAMS 0x000000070b200000, 0x000000070b200000| Complete 
|  61|0x000000070b400000, 0x000000070b600000, 0x000000070b600000|100%| E|CS|TAMS 0x000000070b400000, 0x000000070b400000| Complete 
|  62|0x000000070b600000, 0x000000070b800000, 0x000000070b800000|100%| E|CS|TAMS 0x000000070b600000, 0x000000070b600000| Complete 
|  63|0x000000070b800000, 0x000000070ba00000, 0x000000070ba00000|100%| E|CS|TAMS 0x000000070b800000, 0x000000070b800000| Complete 
|  64|0x000000070ba00000, 0x000000070bc00000, 0x000000070bc00000|100%| E|CS|TAMS 0x000000070ba00000, 0x000000070ba00000| Complete 
|  65|0x000000070bc00000, 0x000000070be00000, 0x000000070be00000|100%| E|CS|TAMS 0x000000070bc00000, 0x000000070bc00000| Complete 
|  66|0x000000070be00000, 0x000000070c000000, 0x000000070c000000|100%| E|CS|TAMS 0x000000070be00000, 0x000000070be00000| Complete 
|  67|0x000000070c000000, 0x000000070c200000, 0x000000070c200000|100%| E|CS|TAMS 0x000000070c000000, 0x000000070c000000| Complete 
|  68|0x000000070c200000, 0x000000070c400000, 0x000000070c400000|100%| E|CS|TAMS 0x000000070c200000, 0x000000070c200000| Complete 
|  69|0x000000070c400000, 0x000000070c600000, 0x000000070c600000|100%| E|CS|TAMS 0x000000070c400000, 0x000000070c400000| Complete 
|  70|0x000000070c600000, 0x000000070c800000, 0x000000070c800000|100%| E|CS|TAMS 0x000000070c600000, 0x000000070c600000| Complete 
|  71|0x000000070c800000, 0x000000070ca00000, 0x000000070ca00000|100%| E|CS|TAMS 0x000000070c800000, 0x000000070c800000| Complete 
|  72|0x000000070ca00000, 0x000000070cc00000, 0x000000070cc00000|100%| E|CS|TAMS 0x000000070ca00000, 0x000000070ca00000| Complete 
|  73|0x000000070cc00000, 0x000000070ce00000, 0x000000070ce00000|100%| E|CS|TAMS 0x000000070cc00000, 0x000000070cc00000| Complete 
|  74|0x000000070ce00000, 0x000000070d000000, 0x000000070d000000|100%| E|CS|TAMS 0x000000070ce00000, 0x000000070ce00000| Complete 
|  75|0x000000070d000000, 0x000000070d200000, 0x000000070d200000|100%| E|CS|TAMS 0x000000070d000000, 0x000000070d000000| Complete 
|  76|0x000000070d200000, 0x000000070d400000, 0x000000070d400000|100%| E|CS|TAMS 0x000000070d200000, 0x000000070d200000| Complete 
|  77|0x000000070d400000, 0x000000070d600000, 0x000000070d600000|100%| E|CS|TAMS 0x000000070d400000, 0x000000070d400000| Complete 
|  78|0x000000070d600000, 0x000000070d800000, 0x000000070d800000|100%| E|CS|TAMS 0x000000070d600000, 0x000000070d600000| Complete 
|  79|0x000000070d800000, 0x000000070da00000, 0x000000070da00000|100%| E|CS|TAMS 0x000000070d800000, 0x000000070d800000| Complete 
|  80|0x000000070da00000, 0x000000070dc00000, 0x000000070dc00000|100%| E|CS|TAMS 0x000000070da00000, 0x000000070da00000| Complete 
|  81|0x000000070dc00000, 0x000000070de00000, 0x000000070de00000|100%| E|CS|TAMS 0x000000070dc00000, 0x000000070dc00000| Complete 
|  82|0x000000070de00000, 0x000000070e000000, 0x000000070e000000|100%| E|CS|TAMS 0x000000070de00000, 0x000000070de00000| Complete 
|  83|0x000000070e000000, 0x000000070e200000, 0x000000070e200000|100%| E|CS|TAMS 0x000000070e000000, 0x000000070e000000| Complete 
| 111|0x0000000711800000, 0x0000000711a00000, 0x0000000711a00000|100%| E|CS|TAMS 0x0000000711800000, 0x0000000711800000| Complete 
| 112|0x0000000711a00000, 0x0000000711c00000, 0x0000000711c00000|100%| E|CS|TAMS 0x0000000711a00000, 0x0000000711a00000| Complete 
| 126|0x0000000713600000, 0x0000000713800000, 0x0000000713800000|100%| E|CS|TAMS 0x0000000713600000, 0x0000000713600000| Complete 

Card table byte_map: [0x0000025cec850000,0x0000025ced040000] _byte_map_base: 0x0000025ce9033000

Marking Bits (Prev, Next): (CMBitMap*) 0x0000025cd54fdf40, (CMBitMap*) 0x0000025cd54fdf80
 Prev Bits: [0x0000025ced830000, 0x0000025cf1748000)
 Next Bits: [0x0000025cf1750000, 0x0000025cf5668000)

Polling page: 0x0000025cd33b0000

Metaspace:

Usage:
  Non-class:     46.30 MB used.
      Class:      7.23 MB used.
       Both:     53.53 MB used.

Virtual space:
  Non-class space:       64.00 MB reserved,      46.50 MB ( 73%) committed,  1 nodes.
      Class space:        1.00 GB reserved,       7.44 MB ( <1%) committed,  1 nodes.
             Both:        1.06 GB reserved,      53.94 MB (  5%) committed. 

Chunk freelists:
   Non-Class:  1.44 MB
       Class:  8.58 MB
        Both:  10.02 MB

MaxMetaspaceSize: unlimited
CompressedClassSpaceSize: 1.00 GB
Initial GC threshold: 21.00 MB
Current GC threshold: 59.19 MB
CDS: on
MetaspaceReclaimPolicy: balanced
 - commit_granule_bytes: 65536.
 - commit_granule_words: 8192.
 - virtual_space_node_default_size: 8388608.
 - enlarge_chunks_in_place: 1.
 - new_chunks_are_fully_committed: 0.
 - uncommit_free_chunks: 1.
 - use_allocation_guard: 0.
 - handle_deallocations: 1.


Internal statistics:

num_allocs_failed_limit: 6.
num_arena_births: 650.
num_arena_deaths: 0.
num_vsnodes_births: 2.
num_vsnodes_deaths: 0.
num_space_committed: 863.
num_space_uncommitted: 0.
num_chunks_returned_to_freelist: 6.
num_chunks_taken_from_freelist: 2602.
num_chunk_merges: 3.
num_chunk_splits: 1906.
num_chunks_enlarged: 1518.
num_inconsistent_stats: 0.

CodeHeap 'non-profiled nmethods': size=120000Kb used=2509Kb max_used=2665Kb free=117490Kb
 bounds [0x0000025ce4800000, 0x0000025ce4ab0000, 0x0000025cebd30000]
CodeHeap 'profiled nmethods': size=120000Kb used=10252Kb max_used=11561Kb free=109747Kb
 bounds [0x0000025cdcd30000, 0x0000025cdd880000, 0x0000025ce4260000]
CodeHeap 'non-nmethods': size=5760Kb used=1270Kb max_used=1314Kb free=4489Kb
 bounds [0x0000025ce4260000, 0x0000025ce44d0000, 0x0000025ce4800000]
 total_blobs=5572 nmethods=4996 adapters=488
 compilation: enabled
              stopped_count=0, restarted_count=0
 full_count=0

Compilation events (20 events):
Event: 15.946 Thread 0x0000025cf8220410 5508       2       com.mysql.cj.MysqlCharset$$Lambda$1117/0x0000025c81766180::accept (12 bytes)
Event: 15.947 Thread 0x0000025cf8220410 nmethod 5508 0x0000025cdce95490 code [0x0000025cdce95660, 0x0000025cdce958b8]
Event: 15.947 Thread 0x0000025cf8220410 5509       3       java.lang.AbstractStringBuilder::append (45 bytes)
Event: 15.947 Thread 0x0000025cf8220410 nmethod 5509 0x0000025cdcd94010 code [0x0000025cdcd941e0, 0x0000025cdcd94528]
Event: 15.977 Thread 0x0000025cf8220410 5510       2       com.mysql.cj.Collation::<init> (29 bytes)
Event: 15.978 Thread 0x0000025cf8220410 nmethod 5510 0x0000025cdced8690 code [0x0000025cdced8840, 0x0000025cdced8aa8]
Event: 15.978 Thread 0x0000025cf8220410 5511       2       com.mysql.cj.CharsetMapping::getStaticMysqlCharsetByName (13 bytes)
Event: 15.978 Thread 0x0000025cf8220410 nmethod 5511 0x0000025cdce67190 code [0x0000025cdce67340, 0x0000025cdce674a8]
Event: 17.210 Thread 0x0000025cf821fa50 nmethod 5458 0x0000025ce4a9a710 code [0x0000025ce4a9b940, 0x0000025ce4aa4538]
Event: 17.211 Thread 0x0000025cf821fa50 5466 %     4       java.util.Properties$LineReader::readLine @ 53 (584 bytes)
Event: 17.419 Thread 0x0000025cf8220410 5515       3       java.lang.StringBuilder::append (8 bytes)
Event: 17.424 Thread 0x0000025cf8220410 nmethod 5515 0x0000025cdce2f810 code [0x0000025cdce2f9a0, 0x0000025cdce2fae8]
Event: 17.424 Thread 0x0000025cf8220410 5516       3       java.lang.StringBuilder::toString (35 bytes)
Event: 17.427 Thread 0x0000025cf8220410 nmethod 5516 0x0000025cdcfc1a10 code [0x0000025cdcfc1be0, 0x0000025cdcfc1eb8]
Event: 17.427 Thread 0x0000025cf8220410 5512       3       jdk.internal.loader.BuiltinClassLoader$2::run (5 bytes)
Event: 17.428 Thread 0x0000025cf8220410 nmethod 5512 0x0000025cdce86a10 code [0x0000025cdce86bc0, 0x0000025cdce86d08]
Event: 17.428 Thread 0x0000025cf8220410 5514       2       java.util.regex.Pattern$BmpCharPropertyGreedy::match (89 bytes)
Event: 17.429 Thread 0x0000025cf8220410 nmethod 5514 0x0000025cdcf0cc90 code [0x0000025cdcf0ce60, 0x0000025cdcf0d1c8]
Event: 17.429 Thread 0x0000025cf8220410 5513   !   2       java.util.regex.Pattern::matcher (44 bytes)
Event: 17.430 Thread 0x0000025cf8220410 nmethod 5513 0x0000025cdd0e5310 code [0x0000025cdd0e54c0, 0x0000025cdd0e5778]

GC Heap History (20 events):
Event: 1.638 GC heap before
{Heap before GC invocations=0 (full 0):
 garbage-first heap   total 260096K, used 20480K [0x0000000703a00000, 0x0000000800000000)
  region size 2048K, 11 young (22528K), 0 survivors (0K)
 Metaspace       used 3134K, committed 3328K, reserved 1114112K
  class space    used 326K, committed 448K, reserved 1048576K
}
Event: 1.654 GC heap after
{Heap after GC invocations=1 (full 0):
 garbage-first heap   total 260096K, used 11388K [0x0000000703a00000, 0x0000000800000000)
  region size 2048K, 2 young (4096K), 2 survivors (4096K)
 Metaspace       used 3134K, committed 3328K, reserved 1114112K
  class space    used 326K, committed 448K, reserved 1048576K
}
Event: 2.002 GC heap before
{Heap before GC invocations=1 (full 0):
 garbage-first heap   total 260096K, used 25724K [0x0000000703a00000, 0x0000000800000000)
  region size 2048K, 10 young (20480K), 2 survivors (4096K)
 Metaspace       used 5350K, committed 5504K, reserved 1114112K
  class space    used 565K, committed 640K, reserved 1048576K
}
Event: 2.009 GC heap after
{Heap after GC invocations=2 (full 0):
 garbage-first heap   total 260096K, used 18319K [0x0000000703a00000, 0x0000000800000000)
  region size 2048K, 2 young (4096K), 2 survivors (4096K)
 Metaspace       used 5350K, committed 5504K, reserved 1114112K
  class space    used 565K, committed 640K, reserved 1048576K
}
Event: 4.733 GC heap before
{Heap before GC invocations=2 (full 0):
 garbage-first heap   total 260096K, used 55183K [0x0000000703a00000, 0x0000000800000000)
  region size 2048K, 21 young (43008K), 2 survivors (4096K)
 Metaspace       used 14442K, committed 14720K, reserved 1114112K
  class space    used 1844K, committed 1984K, reserved 1048576K
}
Event: 4.744 GC heap after
{Heap after GC invocations=3 (full 0):
 garbage-first heap   total 260096K, used 21168K [0x0000000703a00000, 0x0000000800000000)
  region size 2048K, 3 young (6144K), 3 survivors (6144K)
 Metaspace       used 14442K, committed 14720K, reserved 1114112K
  class space    used 1844K, committed 1984K, reserved 1048576K
}
Event: 6.872 GC heap before
{Heap before GC invocations=3 (full 0):
 garbage-first heap   total 260096K, used 45744K [0x0000000703a00000, 0x0000000800000000)
  region size 2048K, 17 young (34816K), 3 survivors (6144K)
 Metaspace       used 21143K, committed 21504K, reserved 1114112K
  class space    used 2727K, committed 2880K, reserved 1048576K
}
Event: 6.900 GC heap after
{Heap after GC invocations=4 (full 0):
 garbage-first heap   total 260096K, used 23871K [0x0000000703a00000, 0x0000000800000000)
  region size 2048K, 2 young (4096K), 2 survivors (4096K)
 Metaspace       used 21143K, committed 21504K, reserved 1114112K
  class space    used 2727K, committed 2880K, reserved 1048576K
}
Event: 8.358 GC heap before
{Heap before GC invocations=5 (full 0):
 garbage-first heap   total 96256K, used 64831K [0x0000000703a00000, 0x0000000800000000)
  region size 2048K, 24 young (49152K), 2 survivors (4096K)
 Metaspace       used 27747K, committed 28160K, reserved 1114112K
  class space    used 3458K, committed 3648K, reserved 1048576K
}
Event: 8.366 GC heap after
{Heap after GC invocations=6 (full 0):
 garbage-first heap   total 96256K, used 26914K [0x0000000703a00000, 0x0000000800000000)
  region size 2048K, 3 young (6144K), 3 survivors (6144K)
 Metaspace       used 27747K, committed 28160K, reserved 1114112K
  class space    used 3458K, committed 3648K, reserved 1048576K
}
Event: 9.519 GC heap before
{Heap before GC invocations=6 (full 0):
 garbage-first heap   total 96256K, used 61730K [0x0000000703a00000, 0x0000000800000000)
  region size 2048K, 20 young (40960K), 3 survivors (6144K)
 Metaspace       used 32513K, committed 32896K, reserved 1114112K
  class space    used 4179K, committed 4352K, reserved 1048576K
}
Event: 9.532 GC heap after
{Heap after GC invocations=7 (full 0):
 garbage-first heap   total 96256K, used 29081K [0x0000000703a00000, 0x0000000800000000)
  region size 2048K, 2 young (4096K), 2 survivors (4096K)
 Metaspace       used 32513K, committed 32896K, reserved 1114112K
  class space    used 4179K, committed 4352K, reserved 1048576K
}
Event: 10.411 GC heap before
{Heap before GC invocations=7 (full 0):
 garbage-first heap   total 96256K, used 57753K [0x0000000703a00000, 0x0000000800000000)
  region size 2048K, 17 young (34816K), 2 survivors (4096K)
 Metaspace       used 35789K, committed 36160K, reserved 1114112K
  class space    used 4574K, committed 4736K, reserved 1048576K
}
Event: 10.424 GC heap after
{Heap after GC invocations=8 (full 0):
 garbage-first heap   total 96256K, used 30801K [0x0000000703a00000, 0x0000000800000000)
  region size 2048K, 3 young (6144K), 3 survivors (6144K)
 Metaspace       used 35789K, committed 36160K, reserved 1114112K
  class space    used 4574K, committed 4736K, reserved 1048576K
}
Event: 11.492 GC heap before
{Heap before GC invocations=9 (full 0):
 garbage-first heap   total 96256K, used 65617K [0x0000000703a00000, 0x0000000800000000)
  region size 2048K, 20 young (40960K), 3 survivors (6144K)
 Metaspace       used 40286K, committed 40768K, reserved 1114112K
  class space    used 5188K, committed 5440K, reserved 1048576K
}
Event: 11.511 GC heap after
{Heap after GC invocations=10 (full 0):
 garbage-first heap   total 96256K, used 33007K [0x0000000703a00000, 0x0000000800000000)
  region size 2048K, 3 young (6144K), 3 survivors (6144K)
 Metaspace       used 40286K, committed 40768K, reserved 1114112K
  class space    used 5188K, committed 5440K, reserved 1048576K
}
Event: 11.553 GC heap before
{Heap before GC invocations=10 (full 0):
 garbage-first heap   total 96256K, used 35055K [0x0000000703a00000, 0x0000000800000000)
  region size 2048K, 4 young (8192K), 3 survivors (6144K)
 Metaspace       used 40317K, committed 40832K, reserved 1114112K
  class space    used 5191K, committed 5440K, reserved 1048576K
}
Event: 11.567 GC heap after
{Heap after GC invocations=11 (full 0):
 garbage-first heap   total 96256K, used 32757K [0x0000000703a00000, 0x0000000800000000)
  region size 2048K, 1 young (2048K), 1 survivors (2048K)
 Metaspace       used 40317K, committed 40832K, reserved 1114112K
  class space    used 5191K, committed 5440K, reserved 1048576K
}
Event: 12.735 GC heap before
{Heap before GC invocations=11 (full 0):
 garbage-first heap   total 96256K, used 67573K [0x0000000703a00000, 0x0000000800000000)
  region size 2048K, 19 young (38912K), 1 survivors (2048K)
 Metaspace       used 43505K, committed 43904K, reserved 1114112K
  class space    used 5570K, committed 5760K, reserved 1048576K
}
Event: 12.741 GC heap after
{Heap after GC invocations=12 (full 0):
 garbage-first heap   total 178176K, used 34318K [0x0000000703a00000, 0x0000000800000000)
  region size 2048K, 2 young (4096K), 2 survivors (4096K)
 Metaspace       used 43505K, committed 43904K, reserved 1114112K
  class space    used 5570K, committed 5760K, reserved 1048576K
}

Deoptimization events (20 events):
Event: 13.009 Thread 0x0000025cd5491980 DEOPT PACKING pc=0x0000025ce48b3bf4 sp=0x00000061e63fdac0
Event: 13.009 Thread 0x0000025cd5491980 DEOPT UNPACKING pc=0x0000025ce42b5ba3 sp=0x00000061e63fda18 mode 2
Event: 13.271 Thread 0x0000025cd5491980 Uncommon trap: trap_request=0xffffff45 fr.pc=0x0000025ce49a9f5c relative=0x000000000000021c
Event: 13.271 Thread 0x0000025cd5491980 Uncommon trap: reason=unstable_if action=reinterpret pc=0x0000025ce49a9f5c method=org.springframework.beans.factory.support.AbstractAutowireCapableBeanFactory.determineTargetType(Ljava/lang/String;Lorg/springframework/beans/factory/support/RootBeanDefinit
Event: 13.271 Thread 0x0000025cd5491980 DEOPT PACKING pc=0x0000025ce49a9f5c sp=0x00000061e63fd910
Event: 13.271 Thread 0x0000025cd5491980 DEOPT UNPACKING pc=0x0000025ce42b5ba3 sp=0x00000061e63fd8e8 mode 2
Event: 15.647 Thread 0x0000025cd5491980 DEOPT PACKING pc=0x0000025cdd178947 sp=0x00000061e63fc430
Event: 15.647 Thread 0x0000025cd5491980 DEOPT UNPACKING pc=0x0000025ce42b66e3 sp=0x00000061e63fb9d0 mode 0
Event: 15.923 Thread 0x0000025cd5491980 Uncommon trap: trap_request=0xffffff45 fr.pc=0x0000025ce4837b18 relative=0x0000000000000558
Event: 15.923 Thread 0x0000025cd5491980 Uncommon trap: reason=unstable_if action=reinterpret pc=0x0000025ce4837b18 method=java.lang.AbstractStringBuilder.putStringAt(ILjava/lang/String;II)V @ 8 c2
Event: 15.923 Thread 0x0000025cd5491980 DEOPT PACKING pc=0x0000025ce4837b18 sp=0x00000061e63fbb40
Event: 15.923 Thread 0x0000025cd5491980 DEOPT UNPACKING pc=0x0000025ce42b5ba3 sp=0x00000061e63fb9c8 mode 2
Event: 15.923 Thread 0x0000025cd5491980 Uncommon trap: trap_request=0xffffff45 fr.pc=0x0000025ce48ac540 relative=0x0000000000000420
Event: 15.923 Thread 0x0000025cd5491980 Uncommon trap: reason=unstable_if action=reinterpret pc=0x0000025ce48ac540 method=java.lang.AbstractStringBuilder.isLatin1()Z @ 10 c2
Event: 15.923 Thread 0x0000025cd5491980 DEOPT PACKING pc=0x0000025ce48ac540 sp=0x00000061e63fbb60
Event: 15.923 Thread 0x0000025cd5491980 DEOPT UNPACKING pc=0x0000025ce42b5ba3 sp=0x00000061e63fbae0 mode 2
Event: 15.923 Thread 0x0000025cd5491980 Uncommon trap: trap_request=0xffffff45 fr.pc=0x0000025ce4828410 relative=0x0000000000000550
Event: 15.923 Thread 0x0000025cd5491980 Uncommon trap: reason=unstable_if action=reinterpret pc=0x0000025ce4828410 method=java.lang.AbstractStringBuilder.putStringAt(ILjava/lang/String;II)V @ 8 c2
Event: 15.923 Thread 0x0000025cd5491980 DEOPT PACKING pc=0x0000025ce4828410 sp=0x00000061e63fbae0
Event: 15.923 Thread 0x0000025cd5491980 DEOPT UNPACKING pc=0x0000025ce42b5ba3 sp=0x00000061e63fb9d0 mode 2

Classes unloaded (0 events):
No events

Classes redefined (0 events):
No events

Internal exceptions (20 events):
Event: 11.337 Thread 0x0000025cd5491980 Exception <a 'java/lang/IncompatibleClassChangeError'{0x0000000707d6caa8}: Found class java.lang.Object, but interface was expected> (0x0000000707d6caa8) 
thrown [s\open\src\hotspot\share\interpreter\linkResolver.cpp, line 826]
Event: 11.337 Thread 0x0000025cd5491980 Exception <a 'java/lang/IncompatibleClassChangeError'{0x0000000707d72a80}: Found class java.lang.Object, but interface was expected> (0x0000000707d72a80) 
thrown [s\open\src\hotspot\share\interpreter\linkResolver.cpp, line 826]
Event: 11.339 Thread 0x0000025cd5491980 Exception <a 'java/lang/NoSuchMethodError'{0x0000000707d836b0}: 'int java.lang.invoke.DirectMethodHandle$Holder.invokeSpecialIFC(java.lang.Object, java.lang.Object, java.lang.Object)'> (0x0000000707d836b0) 
thrown [s\open\src\hotspot\share\interpreter\linkResolver.cpp, line 759]
Event: 11.339 Thread 0x0000025cd5491980 Exception <a 'java/lang/IncompatibleClassChangeError'{0x0000000707d89388}: Found class java.lang.Object, but interface was expected> (0x0000000707d89388) 
thrown [s\open\src\hotspot\share\interpreter\linkResolver.cpp, line 826]
Event: 11.340 Thread 0x0000025cd5491980 Exception <a 'java/lang/IncompatibleClassChangeError'{0x0000000707d902e8}: Found class java.lang.Object, but interface was expected> (0x0000000707d902e8) 
thrown [s\open\src\hotspot\share\interpreter\linkResolver.cpp, line 826]
Event: 11.341 Thread 0x0000025cd5491980 Exception <a 'java/lang/IncompatibleClassChangeError'{0x0000000707d9b280}: Found class java.lang.Object, but interface was expected> (0x0000000707d9b280) 
thrown [s\open\src\hotspot\share\interpreter\linkResolver.cpp, line 826]
Event: 11.348 Thread 0x0000025cd5491980 Exception <a 'java/lang/NoSuchMethodError'{0x0000000707dd6570}: 'void java.lang.invoke.DirectMethodHandle$Holder.invokeVirtual(java.lang.Object, java.lang.Object, int)'> (0x0000000707dd6570) 
thrown [s\open\src\hotspot\share\interpreter\linkResolver.cpp, line 759]
Event: 11.349 Thread 0x0000025cd5491980 Exception <a 'java/lang/NoSuchMethodError'{0x0000000707ddc708}: 'void java.lang.invoke.DirectMethodHandle$Holder.invokeStatic(java.lang.Object, java.lang.Object, java.lang.Object, int, java.lang.Object)'> (0x0000000707ddc708) 
thrown [s\open\src\hotspot\share\interpreter\linkResolver.cpp, line 759]
Event: 11.350 Thread 0x0000025cd5491980 Exception <a 'java/lang/NoSuchMethodError'{0x0000000707de3b68}: 'java.lang.Object java.lang.invoke.DirectMethodHandle$Holder.newInvokeSpecial(java.lang.Object, java.lang.Object, java.lang.Object, int)'> (0x0000000707de3b68) 
thrown [s\open\src\hotspot\share\interpreter\linkResolver.cpp, line 759]
Event: 11.350 Thread 0x0000025cd5491980 Exception <a 'java/lang/NoSuchMethodError'{0x0000000707de7e50}: 'java.lang.Object java.lang.invoke.DirectMethodHandle$Holder.invokeSpecial(java.lang.Object, java.lang.Object, java.lang.Object, java.lang.Object, int)'> (0x0000000707de7e50) 
thrown [s\open\src\hotspot\share\interpreter\linkResolver.cpp, line 759]
Event: 11.351 Thread 0x0000025cd5491980 Exception <a 'java/lang/NoSuchMethodError'{0x0000000707deba18}: 'java.lang.Object java.lang.invoke.Invokers$Holder.linkToTargetMethod(java.lang.Object, java.lang.Object, int, java.lang.Object)'> (0x0000000707deba18) 
thrown [s\open\src\hotspot\share\interpreter\linkResolver.cpp, line 759]
Event: 11.364 Thread 0x0000025cd5491980 Exception <a 'java/lang/NoSuchMethodError'{0x0000000707a523d8}: 'void java.lang.invoke.DirectMethodHandle$Holder.invokeStatic(java.lang.Object, int, java.lang.Object)'> (0x0000000707a523d8) 
thrown [s\open\src\hotspot\share\interpreter\linkResolver.cpp, line 759]
Event: 11.716 Thread 0x0000025cd5491980 Exception <a 'java/lang/NoSuchMethodError'{0x0000000708f1f200}: 'java.lang.Object java.lang.invoke.DirectMethodHandle$Holder.invokeStaticInit(java.lang.Object, int, int, int, int)'> (0x0000000708f1f200) 
thrown [s\open\src\hotspot\share\interpreter\linkResolver.cpp, line 759]
Event: 11.843 Thread 0x0000025cd5491980 Exception <a 'java/lang/NoSuchMethodError'{0x0000000708f60478}: 'java.lang.Object java.lang.invoke.DirectMethodHandle$Holder.invokeStaticInit(java.lang.Object, java.lang.Object, int, int, int, int)'> (0x0000000708f60478) 
thrown [s\open\src\hotspot\share\interpreter\linkResolver.cpp, line 759]
Event: 12.128 Thread 0x0000025cd5491980 Exception <a 'java/io/FileNotFoundException'{0x000000070898ab90}> (0x000000070898ab90) 
thrown [s\open\src\hotspot\share\prims\jni.cpp, line 516]
Event: 12.308 Thread 0x0000025cd5491980 Exception <a 'java/lang/NoSuchMethodError'{0x00000007082fc668}: 'int java.lang.invoke.DirectMethodHandle$Holder.invokeInterface(java.lang.Object, java.lang.Object, java.lang.Object, java.lang.Object)'> (0x00000007082fc668) 
thrown [s\open\src\hotspot\share\interpreter\linkResolver.cpp, line 759]
Event: 12.454 Thread 0x0000025cd5491980 Exception <a 'java/lang/NoSuchMethodError'{0x0000000707c669e0}: 'long java.lang.invoke.DirectMethodHandle$Holder.invokeVirtual(java.lang.Object, java.lang.Object)'> (0x0000000707c669e0) 
thrown [s\open\src\hotspot\share\interpreter\linkResolver.cpp, line 759]
Event: 12.530 Thread 0x0000025cd5491980 Exception <a 'java/lang/NoSuchMethodError'{0x0000000707bb3aa0}: 'void java.lang.invoke.DirectMethodHandle$Holder.invokeVirtual(java.lang.Object, java.lang.Object, long)'> (0x0000000707bb3aa0) 
thrown [s\open\src\hotspot\share\interpreter\linkResolver.cpp, line 759]
Event: 12.895 Thread 0x0000025cd5491980 Implicit null exception at 0x0000025ce49b10e7 to 0x0000025ce49b15a4
Event: 12.939 Thread 0x0000025cd5491980 Exception <a 'sun/nio/fs/WindowsException'{0x000000070e1493f8}> (0x000000070e1493f8) 
thrown [s\open\src\hotspot\share\prims\jni.cpp, line 516]

VM Operations (20 events):
Event: 12.407 Executing VM operation: HandshakeAllThreads
Event: 12.407 Executing VM operation: HandshakeAllThreads done
Event: 12.467 Executing VM operation: HandshakeAllThreads
Event: 12.467 Executing VM operation: HandshakeAllThreads done
Event: 12.678 Executing VM operation: HandshakeAllThreads
Event: 12.678 Executing VM operation: HandshakeAllThreads done
Event: 12.678 Executing VM operation: Cleanup
Event: 12.678 Executing VM operation: Cleanup done
Event: 12.735 Executing VM operation: G1CollectForAllocation
Event: 12.741 Executing VM operation: G1CollectForAllocation done
Event: 13.758 Executing VM operation: Cleanup
Event: 13.761 Executing VM operation: Cleanup done
Event: 14.787 Executing VM operation: Cleanup
Event: 14.790 Executing VM operation: Cleanup done
Event: 15.323 Executing VM operation: HandshakeAllThreads
Event: 15.323 Executing VM operation: HandshakeAllThreads done
Event: 15.448 Executing VM operation: HandshakeAllThreads
Event: 15.455 Executing VM operation: HandshakeAllThreads done
Event: 16.557 Executing VM operation: Cleanup
Event: 16.557 Executing VM operation: Cleanup done

Events (20 events):
Event: 17.460 loading class java/security/InvalidAlgorithmParameterException done
Event: 17.460 loading class java/security/cert/CertPathValidatorException
Event: 17.460 loading class java/security/cert/CertPathValidatorException done
Event: 17.461 loading class java/security/cert/CertPathParameters
Event: 17.461 loading class java/security/cert/CertPathParameters done
Event: 17.461 loading class javax/net/ssl/SSLContext
Event: 17.462 loading class javax/net/ssl/SSLContext done
Event: 17.462 loading class javax/net/ssl/SSLContextSpi
Event: 17.462 loading class javax/net/ssl/SSLContextSpi done
Event: 17.462 loading class sun/security/ssl/SSLContextImpl$TLSContext
Event: 17.462 loading class sun/security/ssl/SSLContextImpl$CustomizedTLSContext
Event: 17.463 loading class sun/security/ssl/SSLContextImpl$AbstractTLSContext
Event: 17.463 loading class sun/security/ssl/SSLContextImpl
Event: 17.466 loading class sun/security/ssl/SSLContextImpl done
Event: 17.466 loading class sun/security/ssl/SSLContextImpl$AbstractTLSContext done
Event: 17.466 loading class sun/security/ssl/SSLContextImpl$CustomizedTLSContext done
Event: 17.466 loading class sun/security/ssl/SSLContextImpl$TLSContext done
Event: 17.466 loading class sun/security/ssl/SSLLogger
Event: 17.467 loading class sun/security/ssl/SSLLogger done
Event: 17.467 loading class sun/security/ssl/ProtocolVersion


Dynamic libraries:
0x00007ff7f3630000 - 0x00007ff7f3640000 	C:\Program Files\Java\jdk-17\bin\java.exe
0x00007ff93f230000 - 0x00007ff93f448000 	C:\WINDOWS\SYSTEM32\ntdll.dll
0x00007ff93e2f0000 - 0x00007ff93e3b4000 	C:\WINDOWS\System32\KERNEL32.DLL
0x00007ff93c800000 - 0x00007ff93cbd3000 	C:\WINDOWS\System32\KERNELBASE.dll
0x00007ff93c3c0000 - 0x00007ff93c4d1000 	C:\WINDOWS\System32\ucrtbase.dll
0x00007ff9330c0000 - 0x00007ff9330d9000 	C:\Program Files\Java\jdk-17\bin\jli.dll
0x00007ff93dca0000 - 0x00007ff93dd51000 	C:\WINDOWS\System32\ADVAPI32.dll
0x00007ff93e510000 - 0x00007ff93e5b7000 	C:\WINDOWS\System32\msvcrt.dll
0x00007ff93ced0000 - 0x00007ff93cf78000 	C:\WINDOWS\System32\sechost.dll
0x00007ff93ce70000 - 0x00007ff93ce98000 	C:\WINDOWS\System32\bcrypt.dll
0x00007ff93e3f0000 - 0x00007ff93e508000 	C:\WINDOWS\System32\RPCRT4.dll
0x00007ff93e880000 - 0x00007ff93ea32000 	C:\WINDOWS\System32\USER32.dll
0x00007ff93cea0000 - 0x00007ff93cec6000 	C:\WINDOWS\System32\win32u.dll
0x00007ff93e3c0000 - 0x00007ff93e3e9000 	C:\WINDOWS\System32\GDI32.dll
0x00007ff93c6e0000 - 0x00007ff93c7fb000 	C:\WINDOWS\System32\gdi32full.dll
0x00007ff93cd50000 - 0x00007ff93cdea000 	C:\WINDOWS\System32\msvcp_win.dll
0x00007ff9330a0000 - 0x00007ff9330bb000 	C:\Program Files\Java\jdk-17\bin\VCRUNTIME140.dll
0x00007ff920800000 - 0x00007ff920a9c000 	C:\WINDOWS\WinSxS\amd64_microsoft.windows.common-controls_6595b64144ccf1df_6.0.22621.6060_none_2712eda17382d24b\COMCTL32.dll
0x00007ff931d60000 - 0x00007ff931d6a000 	C:\WINDOWS\SYSTEM32\VERSION.dll
0x00007ff93e680000 - 0x00007ff93e6b1000 	C:\WINDOWS\System32\IMM32.DLL
0x00007ff9360d0000 - 0x00007ff9360dc000 	C:\Program Files\Java\jdk-17\bin\vcruntime140_1.dll
0x00007ff8cf8f0000 - 0x00007ff8cf97e000 	C:\Program Files\Java\jdk-17\bin\msvcp140.dll
0x00007ff82fc70000 - 0x00007ff830850000 	C:\Program Files\Java\jdk-17\bin\server\jvm.dll
0x00007ff93e670000 - 0x00007ff93e678000 	C:\WINDOWS\System32\PSAPI.DLL
0x00007ff9196b0000 - 0x00007ff9196b9000 	C:\WINDOWS\SYSTEM32\WSOCK32.dll
0x00007ff9352b0000 - 0x00007ff9352e4000 	C:\WINDOWS\SYSTEM32\WINMM.dll
0x00007ff93e270000 - 0x00007ff93e2e1000 	C:\WINDOWS\System32\WS2_32.dll
0x00007ff93b2f0000 - 0x00007ff93b308000 	C:\WINDOWS\SYSTEM32\kernel.appcore.dll
0x00007ff933090000 - 0x00007ff93309a000 	C:\Program Files\Java\jdk-17\bin\jimage.dll
0x00007ff939d40000 - 0x00007ff939f73000 	C:\WINDOWS\SYSTEM32\DBGHELP.DLL
0x00007ff93ddf0000 - 0x00007ff93e181000 	C:\WINDOWS\System32\combase.dll
0x00007ff93f0e0000 - 0x00007ff93f1b8000 	C:\WINDOWS\System32\OLEAUT32.dll
0x00007ff91b790000 - 0x00007ff91b7c2000 	C:\WINDOWS\SYSTEM32\dbgcore.DLL
0x00007ff93c340000 - 0x00007ff93c3bb000 	C:\WINDOWS\System32\bcryptPrimitives.dll
0x00007ff916f80000 - 0x00007ff916f8e000 	C:\Program Files\Java\jdk-17\bin\instrument.dll
0x00007ff92d3a0000 - 0x00007ff92d3c5000 	C:\Program Files\Java\jdk-17\bin\java.dll
0x00007ff8cb490000 - 0x00007ff8cb567000 	C:\Program Files\Java\jdk-17\bin\jsvml.dll
0x00007ff93d140000 - 0x00007ff93d9dc000 	C:\WINDOWS\System32\SHELL32.dll
0x00007ff93c5a0000 - 0x00007ff93c6df000 	C:\WINDOWS\System32\wintypes.dll
0x00007ff93a1f0000 - 0x00007ff93ab0a000 	C:\WINDOWS\SYSTEM32\windows.storage.dll
0x00007ff93ea60000 - 0x00007ff93eb64000 	C:\WINDOWS\System32\SHCORE.dll
0x00007ff93f070000 - 0x00007ff93f0d9000 	C:\WINDOWS\System32\shlwapi.dll
0x00007ff93c270000 - 0x00007ff93c295000 	C:\WINDOWS\SYSTEM32\profapi.dll
0x00007ff91c500000 - 0x00007ff91c518000 	C:\Program Files\Java\jdk-17\bin\zip.dll
0x00007ff92e130000 - 0x00007ff92e149000 	C:\Program Files\Java\jdk-17\bin\net.dll
0x00007ff936480000 - 0x00007ff9365ac000 	C:\WINDOWS\SYSTEM32\WINHTTP.dll
0x00007ff93b7c0000 - 0x00007ff93b829000 	C:\WINDOWS\system32\mswsock.dll
0x00007ff91f5d0000 - 0x00007ff91f5e6000 	C:\Program Files\Java\jdk-17\bin\nio.dll
0x00007ff9074b0000 - 0x00007ff9074ca000 	C:\Program Files\JetBrains\IntelliJ IDEA Community Edition 2024.3\bin\breakgen64.dll
0x00007ff93ad70000 - 0x00007ff93ad9d000 	C:\WINDOWS\SYSTEM32\IPHLPAPI.DLL
0x00007ff93ea40000 - 0x00007ff93ea49000 	C:\WINDOWS\System32\NSI.dll
0x00007ff9355b0000 - 0x00007ff9355c9000 	C:\WINDOWS\SYSTEM32\dhcpcsvc6.DLL
0x00007ff9352f0000 - 0x00007ff93530f000 	C:\WINDOWS\SYSTEM32\dhcpcsvc.DLL
0x00007ff93ada0000 - 0x00007ff93ae98000 	C:\WINDOWS\SYSTEM32\DNSAPI.dll
0x00007ff933080000 - 0x00007ff93308e000 	C:\Program Files\Java\jdk-17\bin\sunmscapi.dll
0x00007ff93cbe0000 - 0x00007ff93cd48000 	C:\WINDOWS\System32\CRYPT32.dll
0x00007ff93bc10000 - 0x00007ff93bc3e000 	C:\WINDOWS\SYSTEM32\ncrypt.dll
0x00007ff93bbd0000 - 0x00007ff93bc07000 	C:\WINDOWS\SYSTEM32\NTASN1.dll
0x00007ff932e30000 - 0x00007ff932e3a000 	C:\Windows\System32\rasadhlp.dll
0x00007ff934020000 - 0x00007ff9340a4000 	C:\WINDOWS\System32\fwpuclnt.dll
0x00007ff93ba30000 - 0x00007ff93ba4b000 	C:\WINDOWS\SYSTEM32\CRYPTSP.dll
0x00007ff93b240000 - 0x00007ff93b277000 	C:\WINDOWS\system32\rsaenh.dll
0x00007ff93b8d0000 - 0x00007ff93b8f8000 	C:\WINDOWS\SYSTEM32\USERENV.dll
0x00007ff93ba50000 - 0x00007ff93ba5c000 	C:\WINDOWS\SYSTEM32\CRYPTBASE.dll
0x00007ff912d90000 - 0x00007ff912d9a000 	C:\Program Files\Java\jdk-17\bin\management.dll
0x00007ff912d80000 - 0x00007ff912d8b000 	C:\Program Files\Java\jdk-17\bin\management_ext.dll

dbghelp: loaded successfully - version: 4.0.5 - missing functions: none
symbol engine: initialized successfully - sym options: 0x614 - pdb path: .;C:\Program Files\Java\jdk-17\bin;C:\WINDOWS\SYSTEM32;C:\WINDOWS\WinSxS\amd64_microsoft.windows.common-controls_6595b64144ccf1df_6.0.22621.6060_none_2712eda17382d24b;C:\Program Files\Java\jdk-17\bin\server;C:\Program Files\JetBrains\IntelliJ IDEA Community Edition 2024.3\bin

VM Arguments:
jvm_args: -javaagent:C:\Program Files\JetBrains\IntelliJ IDEA Community Edition 2024.3\lib\idea_rt.jar=63042:C:\Program Files\JetBrains\IntelliJ IDEA Community Edition 2024.3\bin -Dfile.encoding=UTF-8 
java_command: com.ekart.inventory.InventoryApplication
java_class_path (initial): D:\Kuber\workspace\E-Commerece Project\inventory\target\classes;C:\Users\P Saran Kumar\.m2\repository\org\springframework\boot\spring-boot-starter-data-jpa\4.0.1\spring-boot-starter-data-jpa-4.0.1.jar;C:\Users\P Saran Kumar\.m2\repository\org\springframework\boot\spring-boot-starter\4.0.1\spring-boot-starter-4.0.1.jar;C:\Users\P Saran Kumar\.m2\repository\org\springframework\boot\spring-boot-starter-logging\4.0.1\spring-boot-starter-logging-4.0.1.jar;C:\Users\P Saran Kumar\.m2\repository\ch\qos\logback\logback-classic\1.5.22\logback-classic-1.5.22.jar;C:\Users\P Saran Kumar\.m2\repository\ch\qos\logback\logback-core\1.5.22\logback-core-1.5.22.jar;C:\Users\P Saran Kumar\.m2\repository\org\apache\logging\log4j\log4j-to-slf4j\2.25.3\log4j-to-slf4j-2.25.3.jar;C:\Users\P Saran Kumar\.m2\repository\org\slf4j\jul-to-slf4j\2.0.17\jul-to-slf4j-2.0.17.jar;C:\Users\P Saran Kumar\.m2\repository\org\springframework\boot\spring-boot-autoconfigure\4.0.1\spring-boot-autoconfigure-4.0.1.jar;C:\Users\P Saran Kumar\.m2\repository\jakarta\annotation\jakarta.annotation-api\3.0.0\jakarta.annotation-api-3.0.0.jar;C:\Users\P Saran Kumar\.m2\repository\org\yaml\snakeyaml\2.5\snakeyaml-2.5.jar;C:\Users\P Saran Kumar\.m2\repository\org\springframework\boot\spring-boot-starter-jdbc\4.0.1\spring-boot-starter-jdbc-4.0.1.jar;C:\Users\P Saran Kumar\.m2\repository\com\zaxxer\HikariCP\7.0.2\HikariCP-7.0.2.jar;C:\Users\P Saran Kumar\.m2\repository\org\springframework\boot\spring-boot-data-jpa\4.0.1\spring-boot-data-jpa-4.0.1.jar;C:\Users\P Saran Kumar\.m2\repository\org\springframework\boot\spring-boot-data-commons\4.0.1\spring-boot-data-commons-4.0.1.jar;C:\Users\P Saran Kumar\.m2\repository\org\springframework\boot\spring-boot-persistence\4.0.1\spring-boot-persistence-4.0.1.jar;C:\Users\P Saran Kumar\.m2\repository\org\springframework\data\spring-data-commons\4.0.1\spring-data-commons-4.0.1.jar;C:\Users\P Saran Kumar\.m2\repository\org\springframework\boot\spring-boot-h
Launcher Type: SUN_STANDARD

[Global flags]
     intx CICompilerCount                          = 4                                         {product} {ergonomic}
     uint ConcGCThreads                            = 2                                         {product} {ergonomic}
     uint G1ConcRefinementThreads                  = 8                                         {product} {ergonomic}
   size_t G1HeapRegionSize                         = 2097152                                   {product} {ergonomic}
    uintx GCDrainStackTargetSize                   = 64                                        {product} {ergonomic}
   size_t InitialHeapSize                          = 266338304                                 {product} {ergonomic}
   size_t MarkStackSize                            = 4194304                                   {product} {ergonomic}
   size_t MaxHeapSize                              = 4234149888                                {product} {ergonomic}
   size_t MaxNewSize                               = 2539651072                                {product} {ergonomic}
   size_t MinHeapDeltaBytes                        = 2097152                                   {product} {ergonomic}
   size_t MinHeapSize                              = 8388608                                   {product} {ergonomic}
    uintx NonNMethodCodeHeapSize                   = 5839372                                {pd product} {ergonomic}
    uintx NonProfiledCodeHeapSize                  = 122909434                              {pd product} {ergonomic}
    uintx ProfiledCodeHeapSize                     = 122909434                              {pd product} {ergonomic}
    uintx ReservedCodeCacheSize                    = 251658240                              {pd product} {ergonomic}
     bool SegmentedCodeCache                       = true                                      {product} {ergonomic}
   size_t SoftMaxHeapSize                          = 4234149888                             {manageable} {ergonomic}
     bool UseCompressedClassPointers               = true                           {product lp64_product} {ergonomic}
     bool UseCompressedOops                        = true                           {product lp64_product} {ergonomic}
     bool UseG1GC                                  = true                                      {product} {ergonomic}
     bool UseLargePagesIndividualAllocation        = false                                  {pd product} {ergonomic}

Logging:
Log output configuration:
 #0: stdout all=warning uptime,level,tags
 #1: stderr all=off uptime,level,tags

Environment Variables:
JAVA_HOME=C:\Program Files\Java\jdk-17
PATH=C:\Program Files\Common Files\Oracle\Java\javapath;D:\softwares\WINDOWS.X64_193000_db_home\bin;C:\Program Files (x86)\Common Files\Oracle\Java\javapath;C:\WINDOWS\system32;C:\WINDOWS;C:\WINDOWS\System32\Wbem;C:\WINDOWS\System32\WindowsPowerShell\v1.0\;C:\WINDOWS\System32\OpenSSH\;C:\apache-maven-3.8.1\bin;C:\Graddle\gradle-7.5.1\bin;C:\Program Files\MySQL\MySQL Server 8.0\bin;C:\Program Files\Docker\Docker\resources\bin;C:\Program Files\Git\cmd;C:\kafka\bin;C:\Program Files\nodejs\;C:\Users\P Saran Kumar\AppData\Local\pnpm;C:\Program Files\MySQL\MySQL Shell 8.0\bin\;C:\Users\P Saran Kumar\AppData\Local\Microsoft\WindowsApps;C:\Users\P Saran Kumar\AppData\Local\Programs\Microsoft VS Code\bin;C:\Program Files\Java\jdk-17\bin;C:\Users\P Saran Kumar\AppData\Roaming\npm;C:\Users\P Saran Kumar\AppData\Local\Programs\cursor\resources\app\bin
USERNAME=P Saran Kumar
OS=Windows_NT
PROCESSOR_IDENTIFIER=Intel64 Family 6 Model 140 Stepping 1, GenuineIntel



---------------  S Y S T E M  ---------------

OS:
 Windows 11 , 64 bit Build 22621 (10.0.22621.5415)
OS uptime: 18 days 3:02 hours
Hyper-V role detected

CPU: total 8 (initial active 8) (4 cores per cpu, 2 threads per core) family 6 model 140 stepping 1 microcode 0x9a, cx8, cmov, fxsr, ht, mmx, 3dnowpref, sse, sse2, sse3, ssse3, sse4.1, sse4.2, popcnt, lzcnt, tsc, tscinvbit, avx, avx2, aes, erms, clmul, bmi1, bmi2, adx, avx512f, avx512dq, avx512cd, avx512bw, avx512vl, sha, fma, vzeroupper, avx512_vpopcntdq, avx512_vpclmulqdq, avx512_vaes, avx512_vnni, clflush, clflushopt, clwb, avx512_vbmi2, avx512_vbmi, hv

Memory: 4k page, system-wide physical 16149M (388M free)
TotalPageFile size 26540M (AvailPageFile size 113M)
current process WorkingSet (physical memory assigned to process): 292M, peak: 299M
current process commit charge ("private bytes"): 374M, peak: 399M

vm_info: Java HotSpot(TM) 64-Bit Server VM (17.0.12+8-LTS-286) for windows-amd64 JRE (17.0.12+8-LTS-286), built on Jun  5 2024 06:46:59 by "mach5one" with MS VC++ 17.6 (VS2022)

END.
